// Jest Snapshot v1, https://goo.gl/fbAQLP

exports[`renders correctly 1`] = `
<div
  className="country-details w-full bg-hotPink/20 h-[100%] text-white"
>
  <div
    className="back-title w-full flex gap-6 p-3 "
  >
    <span
      className="material-symbols-outlined text-lg py-2"
    >
      <a
        href="/"
        onClick={[Function]}
      >
        arrow_back_ios
      </a>
    </span>
    <h4
      className="font-bold tracking-wider text-sm py-2"
    >
      Country Details
    </h4>
  </div>
  <div
    className="flex"
  >
    <div
      className="flag flex items-end justify-between pl-4 mt-20"
    />
    <div
      className="country-name w-full flex flex-col items-end justify-between pr-4 mt-20"
    >
      <h4
        className="text-2xl tracking-wider uppercase font-bold"
      />
      <p
        className="text-sm font-semibold"
      >
         
        Active cases
      </p>
    </div>
  </div>
  <div
    className="other-details flex flex-col w-full gap-3 mt-36 p-3"
  >
    <p
      className="px-2 py-3 rounded-sm"
    >
      Population:
       
    </p>
    <p
      className="px-2 py-3 rounded-sm"
    >
      Tests:
       
    </p>
    <p
      className="px-2 py-3 rounded-sm"
    >
      Tests Per One Million:
       
    </p>
    <p
      className="px-2 py-3 rounded-sm"
    >
      Total Cases:
       
    </p>
    <p
      className="px-2 py-3 rounded-sm"
    >
      Active Per One Million:
       
    </p>
    <p
      className="px-2 py-3 rounded-sm"
    >
      Critical Cases:
       
    </p>
    <p
      className="px-2 py-3 rounded-sm"
    >
      Critical Per One Million:
       
    </p>
    <p
      className="px-2 py-3 rounded-sm"
    >
      Total Deaths:
       
    </p>
    <p
      className="px-2 py-3 rounded-sm"
    >
      Deaths Per One Million:
       
    </p>
    <p
      className="px-2 py-3 rounded-sm"
    >
      Recovered:
       
    </p>
    <p
      className="px-2 py-3 rounded-sm"
    >
      Recovered Per One Million:
       
    </p>
    <p
      className="px-2 py-3 rounded-sm"
    >
      Todays Cases:
       
    </p>
    <p
      className="px-2 py-3 rounded-sm"
    >
      Todays Deaths:
       
    </p>
    <p
      className="px-2 py-3 rounded-sm"
    >
      Todays Recovered:
       
    </p>
  </div>
</div>
`;
